// Jest Snapshot v1, https://goo.gl/fbAQLP

exports[`Countries Api all() parse the returned data correctly 1`] = `
[
  {
    "code": "FR",
    "id": 1,
    "name": "France",
  },
  {
    "code": "CH",
    "id": 2,
    "name": "Suisse",
  },
  {
    "code": "BE",
    "id": 3,
    "name": "Belgique",
  },
]
`;
