// Jest Snapshot v1, https://goo.gl/fbAQLP

exports[`Invoices Api Schema 1`] = `
{
  "currency": /* Currency Instance => */ "EUR",
  "date": /* DateTime Instance => */ "2020-01-30 14:00:00",
  "id": 1,
  "number": "2020-00001",
  "total_taxes": [
    {
      "is_rate": true,
      "name": "T.V.A.",
      "total": /* Decimal Instance => */ "108.82",
      "value": /* Decimal Instance => */ "20",
    },
  ],
  "total_with_taxes": /* Decimal Instance => */ "652.96",
  "total_without_taxes": /* Decimal Instance => */ "544.13",
  "url": "http://loxya.test/invoices/1/pdf",
}
`;
