// Jest Snapshot v1, https://goo.gl/fbAQLP

exports[`Persons Api all() parse the returned data correctly 1`] = `
{
  "data": [
    {
      "country": {
        "code": "FR",
        "id": 1,
        "name": "France",
      },
      "country_id": 1,
      "email": "tester@robertmanager.net",
      "first_name": "Jean",
      "full_address": "1, somewhere av.
1234 Megacity",
      "full_name": "Jean Fountain",
      "id": 1,
      "last_name": "Fountain",
      "locality": "Megacity",
      "phone": null,
      "postal_code": "1234",
      "street": "1, somewhere av.",
      "user_id": 1,
    },
    {
      "country": null,
      "country_id": null,
      "email": "tester2@robertmanager.net",
      "first_name": "Roger",
      "full_address": null,
      "full_name": "Roger Rabbit",
      "id": 2,
      "last_name": "Rabbit",
      "locality": null,
      "phone": null,
      "postal_code": null,
      "street": null,
      "user_id": 2,
    },
    {
      "country": null,
      "country_id": null,
      "email": "client@beneficiaires.com",
      "first_name": "Client",
      "full_address": "156 bis, avenue des tests poussés
88080 Wazzaville",
      "full_name": "Client Benef",
      "id": 3,
      "last_name": "Benef",
      "locality": "Wazzaville",
      "phone": "+33123456789",
      "postal_code": "88080",
      "street": "156 bis, avenue des tests poussés",
      "user_id": null,
    },
    {
      "country": {
        "code": "CH",
        "id": 2,
        "name": "Suisse",
      },
      "country_id": 2,
      "email": "client@technicien.com",
      "first_name": "Jean",
      "full_address": null,
      "full_name": "Jean Technicien",
      "id": 4,
      "last_name": "Technicien",
      "locality": null,
      "phone": "+33645698520",
      "postal_code": null,
      "street": null,
      "user_id": null,
    },
    {
      "country": null,
      "country_id": null,
      "email": "alphonse@latour.test",
      "first_name": "Alphonse",
      "full_address": null,
      "full_name": "Alphonse Latour",
      "id": 5,
      "last_name": "Latour",
      "locality": null,
      "phone": null,
      "postal_code": null,
      "street": null,
      "user_id": null,
    },
    {
      "country": {
        "code": "FR",
        "id": 1,
        "name": "France",
      },
      "country_id": 1,
      "email": "visitor@robertmanager.net",
      "first_name": "Henry",
      "full_address": "30 avenue du chateau
75000 Paris",
      "full_name": "Henry Berluc",
      "id": 6,
      "last_name": "Berluc",
      "locality": "Paris",
      "phone": "+33724000000",
      "postal_code": "75000",
      "street": "30 avenue du chateau",
      "user_id": 4,
    },
    {
      "country": null,
      "country_id": null,
      "email": "external@robertmanager.net",
      "first_name": "Caroline",
      "full_address": null,
      "full_name": "Caroline Farol",
      "id": 7,
      "last_name": "Farol",
      "locality": null,
      "phone": "+33786325500",
      "postal_code": null,
      "street": null,
      "user_id": 5,
    },
  ],
  "pagination": {
    "currentPage": 1,
    "perPage": 7,
    "total": {
      "items": 7,
      "pages": 1,
    },
  },
}
`;
