// Jest Snapshot v1, https://goo.gl/fbAQLP

exports[`Settings Api all() parse the returned data correctly 1`] = `
{
  "billing": {
    "defaultDegressiveRate": 1,
    "defaultTax": 1,
  },
  "calendar": {
    "event": {
      "showBorrower": false,
      "showLocation": true,
    },
    "public": {
      "displayedPeriod": "operation",
      "enabled": true,
      "url": "http://loxya.test/calendar/public/dfe7cd82-52b9-4c9b-aaed-033df210f23b.ics",
    },
  },
  "eventSummary": {
    "customText": {
      "content": null,
      "title": "Contrat",
    },
    "materialDisplayMode": "categories",
    "showDescriptions": false,
    "showLegalNumbers": true,
    "showPictures": false,
    "showReplacementPrices": true,
    "showTags": false,
  },
  "general": {
    "openingHours": [
      {
        "end_time": "17:30:00",
        "start_time": "09:00:00",
        "weekday": 1,
      },
      {
        "end_time": "17:30:00",
        "start_time": "09:00:00",
        "weekday": 2,
      },
      {
        "end_time": "12:45:00",
        "start_time": "09:00:00",
        "weekday": 3,
      },
      {
        "end_time": "17:30:00",
        "start_time": "09:00:00",
        "weekday": 4,
      },
      {
        "end_time": "17:30:00",
        "start_time": "09:00:00",
        "weekday": 5,
      },
      {
        "end_time": "12:00:00",
        "start_time": "10:00:00",
        "weekday": 6,
      },
    ],
  },
  "returnInventory": {
    "mode": "start-empty",
  },
}
`;

exports[`Settings Api reset() parse the returned data correctly 1`] = `
{
  "billing": {
    "defaultDegressiveRate": 1,
    "defaultTax": 1,
  },
  "calendar": {
    "event": {
      "showBorrower": false,
      "showLocation": true,
    },
    "public": {
      "displayedPeriod": "operation",
      "enabled": true,
      "url": "http://loxya.test/calendar/public/dfe7cd82-52b9-4c9b-aaed-033df210f23b.ics",
    },
  },
  "eventSummary": {
    "customText": {
      "content": null,
      "title": "Contrat",
    },
    "materialDisplayMode": "categories",
    "showDescriptions": false,
    "showLegalNumbers": true,
    "showPictures": false,
    "showReplacementPrices": true,
    "showTags": false,
  },
  "general": {
    "openingHours": [
      {
        "end_time": "17:30:00",
        "start_time": "09:00:00",
        "weekday": 1,
      },
      {
        "end_time": "17:30:00",
        "start_time": "09:00:00",
        "weekday": 2,
      },
      {
        "end_time": "12:45:00",
        "start_time": "09:00:00",
        "weekday": 3,
      },
      {
        "end_time": "17:30:00",
        "start_time": "09:00:00",
        "weekday": 4,
      },
      {
        "end_time": "17:30:00",
        "start_time": "09:00:00",
        "weekday": 5,
      },
      {
        "end_time": "12:00:00",
        "start_time": "10:00:00",
        "weekday": 6,
      },
    ],
  },
  "returnInventory": {
    "mode": "start-empty",
  },
}
`;

exports[`Settings Api update() parse the returned data correctly 1`] = `
{
  "billing": {
    "defaultDegressiveRate": 1,
    "defaultTax": 1,
  },
  "calendar": {
    "event": {
      "showBorrower": false,
      "showLocation": true,
    },
    "public": {
      "displayedPeriod": "operation",
      "enabled": true,
      "url": "http://loxya.test/calendar/public/dfe7cd82-52b9-4c9b-aaed-033df210f23b.ics",
    },
  },
  "eventSummary": {
    "customText": {
      "content": null,
      "title": "Contrat",
    },
    "materialDisplayMode": "categories",
    "showDescriptions": false,
    "showLegalNumbers": true,
    "showPictures": false,
    "showReplacementPrices": true,
    "showTags": false,
  },
  "general": {
    "openingHours": [
      {
        "end_time": "17:30:00",
        "start_time": "09:00:00",
        "weekday": 1,
      },
      {
        "end_time": "17:30:00",
        "start_time": "09:00:00",
        "weekday": 2,
      },
      {
        "end_time": "12:45:00",
        "start_time": "09:00:00",
        "weekday": 3,
      },
      {
        "end_time": "17:30:00",
        "start_time": "09:00:00",
        "weekday": 4,
      },
      {
        "end_time": "17:30:00",
        "start_time": "09:00:00",
        "weekday": 5,
      },
      {
        "end_time": "12:00:00",
        "start_time": "10:00:00",
        "weekday": 6,
      },
    ],
  },
  "returnInventory": {
    "mode": "start-empty",
  },
}
`;
